2025-08-06 21:59:02 DEBUG: Preloading singletons: 12ms
2025-08-06 21:59:02  INFO: Operating system name: Windows 11 version: 10.0 architecture: amd64
2025-08-06 21:59:02  INFO: Java runtime name: OpenJDK 64-Bit Server VM vendor: Eclipse Adoptium version: 17.0.16+8
2025-08-06 21:59:02  INFO: Memory limit heap: 3936mb non-heap: 0mb
2025-08-06 21:59:02  INFO: Character encoding: windows-1252
2025-08-06 21:59:02  INFO: Version: 6.8.1
2025-08-06 21:59:02  INFO: Starting server...
2025-08-06 21:59:02 DEBUG: Unable to load class org.osgi.framework.BundleReference using the current class loader. - 
java.lang.ClassNotFoundException: org.osgi.framework.BundleReference
	at java.base/jdk.internal.loader.BuiltinClassLoader.loadClass(BuiltinClassLoader.java:641)
	at java.base/jdk.internal.loader.ClassLoaders$AppClassLoader.loadClass(ClassLoaders.java:188)
	at java.base/java.lang.ClassLoader.loadClass(ClassLoader.java:525)
	at java.base/java.lang.Class.forName0(Native Method)
	at java.base/java.lang.Class.forName(Class.java:375)
	at org.glassfish.jersey.internal.util.ReflectionHelper$2.run(ReflectionHelper.java:247)
	at org.glassfish.jersey.internal.util.ReflectionHelper$2.run(ReflectionHelper.java:232)
	at java.base/java.security.AccessController.doPrivileged(AccessController.java:318)
	at org.glassfish.jersey.internal.util.ReflectionHelper.<clinit>(ReflectionHelper.java:1490)
	at org.glassfish.jersey.internal.ServiceFinder.<clinit>(ServiceFinder.java:144)
	at org.glassfish.jersey.client.JerseyClientBuilder.<clinit>(JerseyClientBuilder.java:59)
	at java.base/jdk.internal.reflect.NativeConstructorAccessorImpl.newInstance0(Native Method)
	at java.base/jdk.internal.reflect.NativeConstructorAccessorImpl.newInstance(NativeConstructorAccessorImpl.java:77)
	at java.base/jdk.internal.reflect.DelegatingConstructorAccessorImpl.newInstance(DelegatingConstructorAccessorImpl.java:45)
	at java.base/java.lang.reflect.Constructor.newInstanceWithCaller(Constructor.java:500)
	at java.base/java.lang.reflect.Constructor.newInstance(Constructor.java:481)
	at java.base/java.util.ServiceLoader$ProviderImpl.newInstance(ServiceLoader.java:789)
	at java.base/java.util.ServiceLoader$ProviderImpl.get(ServiceLoader.java:729)
	at java.base/java.util.ServiceLoader$3.next(ServiceLoader.java:1403)
	at jakarta.ws.rs.client.FactoryFinder.lambda$findFirstService$1(FactoryFinder.java:179)
	at jakarta.ws.rs.client.FactoryFinder.findFirstService(FactoryFinder.java:187)
	at jakarta.ws.rs.client.FactoryFinder.find(FactoryFinder.java:114)
	at jakarta.ws.rs.client.ClientBuilder.newBuilder(ClientBuilder.java:62)
	at jakarta.ws.rs.client.ClientBuilder.newClient(ClientBuilder.java:86)
	at org.traccar.MainModule.provideClient(MainModule.java:156)
	at org.traccar.MainModule$$FastClassByGuice$$715b5.GUICE$TRAMPOLINE(<generated>)
	at org.traccar.MainModule$$FastClassByGuice$$715b5.apply(<generated>)
	at com.google.inject.internal.ProviderMethod$FastClassProviderMethod.doProvision(ProviderMethod.java:260)
	at com.google.inject.internal.ProviderMethod.doProvision(ProviderMethod.java:171)
	at com.google.inject.internal.InternalProviderInstanceBindingImpl$CyclicFactory.provision(InternalProviderInstanceBindingImpl.java:185)
	at com.google.inject.internal.InternalProviderInstanceBindingImpl$CyclicFactory.get(InternalProviderInstanceBindingImpl.java:162)
	at com.google.inject.internal.ProviderToInternalFactoryAdapter.get(ProviderToInternalFactoryAdapter.java:40)
	at com.google.inject.internal.SingletonScope$1.get(SingletonScope.java:169)
	at com.google.inject.internal.InternalFactoryToProviderAdapter.get(InternalFactoryToProviderAdapter.java:45)
	at com.google.inject.internal.SingleParameterInjector.inject(SingleParameterInjector.java:40)
	at com.google.inject.internal.SingleParameterInjector.getAll(SingleParameterInjector.java:60)
	at com.google.inject.internal.ConstructorInjector.provision(ConstructorInjector.java:113)
	at com.google.inject.internal.ConstructorInjector.construct(ConstructorInjector.java:91)
	at com.google.inject.internal.ConstructorBindingImpl$Factory.get(ConstructorBindingImpl.java:300)
	at com.google.inject.internal.InjectorImpl$1.get(InjectorImpl.java:1148)
	at com.google.inject.internal.InjectorImpl.getInstance(InjectorImpl.java:1186)
	at org.traccar.schedule.ScheduleManager.lambda$start$0(ScheduleManager.java:55)
	at java.base/java.util.Spliterators$ArraySpliterator.forEachRemaining(Spliterators.java:992)
	at java.base/java.util.stream.ReferencePipeline$Head.forEachOrdered(ReferencePipeline.java:772)
	at org.traccar.schedule.ScheduleManager.start(ScheduleManager.java:54)
	at org.traccar.Main.run(Main.java:127)
	at org.traccar.Main.main(Main.java:111)

2025-08-06 21:59:02 DEBUG: Running in a non-OSGi environment
2025-08-06 21:59:02 DEBUG: System properties configuration provider not allowed
2025-08-06 21:59:02 TRACE: Loading next object: org.glassfish.jersey.inject.hk2.Hk2Registrables
2025-08-06 21:59:02 DEBUG: Class org.h2.Driver found in Thread context class loader jdk.internal.loader.ClassLoaders$AppClassLoader@c387f44
2025-08-06 21:59:02 DEBUG: HikariPool-1 - configuration:
2025-08-06 21:59:02 DEBUG: allowPoolSuspension.............false
2025-08-06 21:59:02 DEBUG: autoCommit......................true
2025-08-06 21:59:02 DEBUG: catalog.........................none
2025-08-06 21:59:02 DEBUG: connectionInitSql..............."SELECT 1"
2025-08-06 21:59:02 DEBUG: connectionTestQuery.............none
2025-08-06 21:59:02 DEBUG: connectionTimeout...............30000
2025-08-06 21:59:02 DEBUG: credentials.....................com.zaxxer.hikari.util.Credentials@7fe7c640
2025-08-06 21:59:02 DEBUG: dataSource......................none
2025-08-06 21:59:02 DEBUG: dataSourceClassName.............none
2025-08-06 21:59:02 DEBUG: dataSourceJNDI..................none
2025-08-06 21:59:02 DEBUG: dataSourceProperties............{password=<masked>}
2025-08-06 21:59:02 DEBUG: driverClassName................."org.h2.Driver"
2025-08-06 21:59:02 DEBUG: exceptionOverride...............none
2025-08-06 21:59:02 DEBUG: exceptionOverrideClassName......none
2025-08-06 21:59:02 DEBUG: healthCheckProperties...........{}
2025-08-06 21:59:02 DEBUG: healthCheckRegistry.............none
2025-08-06 21:59:02 DEBUG: idleTimeout.....................600000
2025-08-06 21:59:02 DEBUG: initializationFailTimeout.......1
2025-08-06 21:59:02 DEBUG: isolateInternalQueries..........false
2025-08-06 21:59:02 DEBUG: jdbcUrl.........................jdbc:h2:./target/database
2025-08-06 21:59:02 DEBUG: keepaliveTime...................120000
2025-08-06 21:59:02 DEBUG: leakDetectionThreshold..........0
2025-08-06 21:59:02 DEBUG: maxLifetime.....................1800000
2025-08-06 21:59:02 DEBUG: maximumPoolSize.................10
2025-08-06 21:59:02 DEBUG: metricRegistry..................none
2025-08-06 21:59:02 DEBUG: metricsTrackerFactory...........none
2025-08-06 21:59:02 DEBUG: minimumIdle.....................10
2025-08-06 21:59:02 DEBUG: password........................<masked>
2025-08-06 21:59:02 DEBUG: poolName........................"HikariPool-1"
2025-08-06 21:59:02 DEBUG: readOnly........................false
2025-08-06 21:59:02 DEBUG: registerMbeans..................false
2025-08-06 21:59:02 DEBUG: scheduledExecutor...............none
2025-08-06 21:59:02 DEBUG: schema..........................none
2025-08-06 21:59:02 DEBUG: threadFactory...................internal
2025-08-06 21:59:02 DEBUG: transactionIsolation............default
2025-08-06 21:59:02 DEBUG: username........................"sa"
2025-08-06 21:59:02 DEBUG: validationTimeout...............5000
2025-08-06 21:59:02  INFO: HikariPool-1 - Starting...
2025-08-06 21:59:02 DEBUG: X509Certificate: Alg:{0}, Serial:{1}, Subject:{2}, Issuer:{3}, Key type:{4}, Length:{5,number,#}, Cert Id:{6,number,#}, Valid from:{7}, Valid until:{8}
2025-08-06 21:59:02 DEBUG: X509Certificate: Alg:{0}, Serial:{1}, Subject:{2}, Issuer:{3}, Key type:{4}, Length:{5,number,#}, Cert Id:{6,number,#}, Valid from:{7}, Valid until:{8}
2025-08-06 21:59:02 DEBUG: X509Certificate: Alg:{0}, Serial:{1}, Subject:{2}, Issuer:{3}, Key type:{4}, Length:{5,number,#}, Cert Id:{6,number,#}, Valid from:{7}, Valid until:{8}
2025-08-06 21:59:02 DEBUG: X509Certificate: Alg:{0}, Serial:{1}, Subject:{2}, Issuer:{3}, Key type:{4}, Length:{5,number,#}, Cert Id:{6,number,#}, Valid from:{7}, Valid until:{8}
2025-08-06 21:59:02 DEBUG: X509Certificate: Alg:{0}, Serial:{1}, Subject:{2}, Issuer:{3}, Key type:{4}, Length:{5,number,#}, Cert Id:{6,number,#}, Valid from:{7}, Valid until:{8}
2025-08-06 21:59:02 DEBUG: X509Certificate: Alg:{0}, Serial:{1}, Subject:{2}, Issuer:{3}, Key type:{4}, Length:{5,number,#}, Cert Id:{6,number,#}, Valid from:{7}, Valid until:{8}
2025-08-06 21:59:02 DEBUG: X509Certificate: Alg:{0}, Serial:{1}, Subject:{2}, Issuer:{3}, Key type:{4}, Length:{5,number,#}, Cert Id:{6,number,#}, Valid from:{7}, Valid until:{8}
2025-08-06 21:59:02 DEBUG: X509Certificate: Alg:{0}, Serial:{1}, Subject:{2}, Issuer:{3}, Key type:{4}, Length:{5,number,#}, Cert Id:{6,number,#}, Valid from:{7}, Valid until:{8}
2025-08-06 21:59:02 DEBUG: X509Certificate: Alg:{0}, Serial:{1}, Subject:{2}, Issuer:{3}, Key type:{4}, Length:{5,number,#}, Cert Id:{6,number,#}, Valid from:{7}, Valid until:{8}
2025-08-06 21:59:02 DEBUG: X509Certificate: Alg:{0}, Serial:{1}, Subject:{2}, Issuer:{3}, Key type:{4}, Length:{5,number,#}, Cert Id:{6,number,#}, Valid from:{7}, Valid until:{8}
2025-08-06 21:59:02 DEBUG: X509Certificate: Alg:{0}, Serial:{1}, Subject:{2}, Issuer:{3}, Key type:{4}, Length:{5,number,#}, Cert Id:{6,number,#}, Valid from:{7}, Valid until:{8}
2025-08-06 21:59:02 DEBUG: X509Certificate: Alg:{0}, Serial:{1}, Subject:{2}, Issuer:{3}, Key type:{4}, Length:{5,number,#}, Cert Id:{6,number,#}, Valid from:{7}, Valid until:{8}
2025-08-06 21:59:03 DEBUG: HikariPool-1 - Attempting to create/setup new connection (11633f8a-2fea-4ebb-8290-950ebe62150e)
2025-08-06 21:59:03 DEBUG: HikariPool-1 - Failed to create/setup connection (11633f8a-2fea-4ebb-8290-950ebe62150e): Database may be already in use: "C:/Users/cedri/OneDrive/Documents/GitHub/tracksweeper/target/database.mv.db". Possible solutions: close all other connection(s); use the server mode [90020-232]
2025-08-06 21:59:03 DEBUG: HikariPool-1 - Cannot acquire connection from data source - 
org.h2.jdbc.JdbcSQLNonTransientConnectionException: Database may be already in use: "C:/Users/cedri/OneDrive/Documents/GitHub/tracksweeper/target/database.mv.db". Possible solutions: close all other connection(s); use the server mode [90020-232]
	at org.h2.message.DbException.getJdbcSQLException(DbException.java:690)
	at org.h2.message.DbException.getJdbcSQLException(DbException.java:489)
	at org.h2.message.DbException.get(DbException.java:212)
	at org.h2.mvstore.db.Store.convertMVStoreException(Store.java:165)
	at org.h2.mvstore.db.Store.<init>(Store.java:142)
	at org.h2.engine.Database.<init>(Database.java:326)
	at org.h2.engine.Engine.openSession(Engine.java:92)
	at org.h2.engine.Engine.openSession(Engine.java:222)
	at org.h2.engine.Engine.createSession(Engine.java:201)
	at org.h2.engine.SessionRemote.connectEmbeddedOrServer(SessionRemote.java:344)
	at org.h2.jdbc.JdbcConnection.<init>(JdbcConnection.java:124)
	at org.h2.Driver.connect(Driver.java:59)
	at com.zaxxer.hikari.util.DriverDataSource.getConnection(DriverDataSource.java:139)
	at com.zaxxer.hikari.pool.PoolBase.newConnection(PoolBase.java:368)
	at com.zaxxer.hikari.pool.PoolBase.newPoolEntry(PoolBase.java:205)
	at com.zaxxer.hikari.pool.HikariPool.createPoolEntry(HikariPool.java:483)
	at com.zaxxer.hikari.pool.HikariPool.checkFailFast(HikariPool.java:571)
	at com.zaxxer.hikari.pool.HikariPool.<init>(HikariPool.java:101)
	at com.zaxxer.hikari.HikariDataSource.<init>(HikariDataSource.java:80)
	at org.traccar.storage.DatabaseModule.provideDataSource(DatabaseModule.java:80)
	at org.traccar.storage.DatabaseModule$$FastClassByGuice$$18f307.GUICE$TRAMPOLINE(<generated>)
	at org.traccar.storage.DatabaseModule$$FastClassByGuice$$18f307.apply(<generated>)
	at com.google.inject.internal.ProviderMethod$FastClassProviderMethod.doProvision(ProviderMethod.java:260)
	at com.google.inject.internal.ProviderMethod.doProvision(ProviderMethod.java:171)
	at com.google.inject.internal.InternalProviderInstanceBindingImpl$CyclicFactory.provision(InternalProviderInstanceBindingImpl.java:185)
	at com.google.inject.internal.InternalProviderInstanceBindingImpl$CyclicFactory.get(InternalProviderInstanceBindingImpl.java:162)
	at com.google.inject.internal.ProviderToInternalFactoryAdapter.get(ProviderToInternalFactoryAdapter.java:40)
	at com.google.inject.internal.SingletonScope$1.get(SingletonScope.java:169)
	at com.google.inject.internal.InternalFactoryToProviderAdapter.get(InternalFactoryToProviderAdapter.java:45)
	at com.google.inject.internal.SingleParameterInjector.inject(SingleParameterInjector.java:40)
	at com.google.inject.internal.SingleParameterInjector.getAll(SingleParameterInjector.java:60)
	at com.google.inject.internal.ConstructorInjector.provision(ConstructorInjector.java:113)
	at com.google.inject.internal.ConstructorInjector.construct(ConstructorInjector.java:91)
	at com.google.inject.internal.ConstructorBindingImpl$Factory.get(ConstructorBindingImpl.java:300)
	at com.google.inject.internal.InjectorImpl$1.get(InjectorImpl.java:1148)
	at com.google.inject.internal.InjectorImpl.getInstance(InjectorImpl.java:1186)
	at org.traccar.MainModule.provideStorage(MainModule.java:140)
	at org.traccar.MainModule$$FastClassByGuice$$715b5.GUICE$TRAMPOLINE(<generated>)
	at org.traccar.MainModule$$FastClassByGuice$$715b5.apply(<generated>)
	at com.google.inject.internal.ProviderMethod$FastClassProviderMethod.doProvision(ProviderMethod.java:260)
	at com.google.inject.internal.ProviderMethod.doProvision(ProviderMethod.java:171)
	at com.google.inject.internal.InternalProviderInstanceBindingImpl$CyclicFactory.provision(InternalProviderInstanceBindingImpl.java:185)
	at com.google.inject.internal.InternalProviderInstanceBindingImpl$CyclicFactory.get(InternalProviderInstanceBindingImpl.java:162)
	at com.google.inject.internal.ProviderToInternalFactoryAdapter.get(ProviderToInternalFactoryAdapter.java:40)
	at com.google.inject.internal.SingletonScope$1.get(SingletonScope.java:169)
	at com.google.inject.internal.InternalFactoryToProviderAdapter.get(InternalFactoryToProviderAdapter.java:45)
	at com.google.inject.internal.SingleParameterInjector.inject(SingleParameterInjector.java:40)
	at com.google.inject.internal.SingleParameterInjector.getAll(SingleParameterInjector.java:60)
	at com.google.inject.internal.ConstructorInjector.provision(ConstructorInjector.java:113)
	at com.google.inject.internal.ConstructorInjector.construct(ConstructorInjector.java:91)
	at com.google.inject.internal.ConstructorBindingImpl$Factory.get(ConstructorBindingImpl.java:300)
	at com.google.inject.internal.InjectorImpl$1.get(InjectorImpl.java:1148)
	at com.google.inject.internal.InjectorImpl.getInstance(InjectorImpl.java:1186)
	at org.traccar.schedule.ScheduleManager.lambda$start$0(ScheduleManager.java:55)
	at java.base/java.util.Spliterators$ArraySpliterator.forEachRemaining(Spliterators.java:992)
	at java.base/java.util.stream.ReferencePipeline$Head.forEachOrdered(ReferencePipeline.java:772)
	at org.traccar.schedule.ScheduleManager.start(ScheduleManager.java:54)
	at org.traccar.Main.run(Main.java:127)
	at org.traccar.Main.main(Main.java:111)
Caused by: org.h2.mvstore.MVStoreException: The file is locked: C:/Users/cedri/OneDrive/Documents/GitHub/tracksweeper/target/database.mv.db [2.3.232/7]
	at org.h2.mvstore.DataUtils.newMVStoreException(DataUtils.java:996)
	at org.h2.mvstore.SingleFileStore.lockFileChannel(SingleFileStore.java:143)
	at org.h2.mvstore.SingleFileStore.open(SingleFileStore.java:117)
	at org.h2.mvstore.SingleFileStore.open(SingleFileStore.java:81)
	at org.h2.mvstore.MVStore.<init>(MVStore.java:286)
	at org.h2.mvstore.MVStore$Builder.open(MVStore.java:2035)
	at org.h2.mvstore.db.Store.<init>(Store.java:133)
	... 54 more

2025-08-06 21:59:04 ERROR: Main method error - 
com.zaxxer.hikari.pool.HikariPool$PoolInitializationException: Failed to initialize pool: Database may be already in use: "C:/Users/cedri/OneDrive/Documents/GitHub/tracksweeper/target/database.mv.db". Possible solutions: close all other connection(s); use the server mode [90020-232]
	at com.zaxxer.hikari.pool.HikariPool.throwPoolInitializationException(HikariPool.java:605)
	at com.zaxxer.hikari.pool.HikariPool.checkFailFast(HikariPool.java:592)
	at com.zaxxer.hikari.pool.HikariPool.<init>(HikariPool.java:101)
	at com.zaxxer.hikari.HikariDataSource.<init>(HikariDataSource.java:80)
	at org.traccar.storage.DatabaseModule.provideDataSource(DatabaseModule.java:80)
	at org.traccar.storage.DatabaseModule$$FastClassByGuice$$18f307.GUICE$TRAMPOLINE(<generated>)
	at org.traccar.storage.DatabaseModule$$FastClassByGuice$$18f307.apply(<generated>)
	at com.google.inject.internal.ProviderMethod$FastClassProviderMethod.doProvision(ProviderMethod.java:260)
	at com.google.inject.internal.ProviderMethod.doProvision(ProviderMethod.java:171)
	at com.google.inject.internal.InternalProviderInstanceBindingImpl$CyclicFactory.provision(InternalProviderInstanceBindingImpl.java:185)
	at com.google.inject.internal.InternalProviderInstanceBindingImpl$CyclicFactory.get(InternalProviderInstanceBindingImpl.java:162)
	at com.google.inject.internal.ProviderToInternalFactoryAdapter.get(ProviderToInternalFactoryAdapter.java:40)
	at com.google.inject.internal.SingletonScope$1.get(SingletonScope.java:169)
	at com.google.inject.internal.InternalFactoryToProviderAdapter.get(InternalFactoryToProviderAdapter.java:45)
	at com.google.inject.internal.SingleParameterInjector.inject(SingleParameterInjector.java:40)
	at com.google.inject.internal.SingleParameterInjector.getAll(SingleParameterInjector.java:60)
	at com.google.inject.internal.ConstructorInjector.provision(ConstructorInjector.java:113)
	at com.google.inject.internal.ConstructorInjector.construct(ConstructorInjector.java:91)
	at com.google.inject.internal.ConstructorBindingImpl$Factory.get(ConstructorBindingImpl.java:300)
	at com.google.inject.internal.InjectorImpl$1.get(InjectorImpl.java:1148)
	at com.google.inject.internal.InjectorImpl.getInstance(InjectorImpl.java:1186)
	at org.traccar.MainModule.provideStorage(MainModule.java:140)
	at org.traccar.MainModule$$FastClassByGuice$$715b5.GUICE$TRAMPOLINE(<generated>)
	at org.traccar.MainModule$$FastClassByGuice$$715b5.apply(<generated>)
	at com.google.inject.internal.ProviderMethod$FastClassProviderMethod.doProvision(ProviderMethod.java:260)
	at com.google.inject.internal.ProviderMethod.doProvision(ProviderMethod.java:171)
	at com.google.inject.internal.InternalProviderInstanceBindingImpl$CyclicFactory.provision(InternalProviderInstanceBindingImpl.java:185)
	at com.google.inject.internal.InternalProviderInstanceBindingImpl$CyclicFactory.get(InternalProviderInstanceBindingImpl.java:162)
	at com.google.inject.internal.ProviderToInternalFactoryAdapter.get(ProviderToInternalFactoryAdapter.java:40)
	at com.google.inject.internal.SingletonScope$1.get(SingletonScope.java:169)
	at com.google.inject.internal.InternalFactoryToProviderAdapter.get(InternalFactoryToProviderAdapter.java:45)
	at com.google.inject.internal.SingleParameterInjector.inject(SingleParameterInjector.java:40)
	at com.google.inject.internal.SingleParameterInjector.getAll(SingleParameterInjector.java:60)
	at com.google.inject.internal.ConstructorInjector.provision(ConstructorInjector.java:113)
	at com.google.inject.internal.ConstructorInjector.construct(ConstructorInjector.java:91)
	at com.google.inject.internal.ConstructorBindingImpl$Factory.get(ConstructorBindingImpl.java:300)
	at com.google.inject.internal.InjectorImpl$1.get(InjectorImpl.java:1148)
	at com.google.inject.internal.InjectorImpl.getInstance(InjectorImpl.java:1186)
	at org.traccar.schedule.ScheduleManager.lambda$start$0(ScheduleManager.java:55)
	at java.base/java.util.Spliterators$ArraySpliterator.forEachRemaining(Spliterators.java:992)
	at java.base/java.util.stream.ReferencePipeline$Head.forEachOrdered(ReferencePipeline.java:772)
	at org.traccar.schedule.ScheduleManager.start(ScheduleManager.java:54)
	at org.traccar.Main.run(Main.java:127)
	at org.traccar.Main.main(Main.java:111)
Caused by: org.h2.jdbc.JdbcSQLNonTransientConnectionException: Database may be already in use: "C:/Users/cedri/OneDrive/Documents/GitHub/tracksweeper/target/database.mv.db". Possible solutions: close all other connection(s); use the server mode [90020-232]
	at org.h2.message.DbException.getJdbcSQLException(DbException.java:690)
	at org.h2.message.DbException.getJdbcSQLException(DbException.java:489)
	at org.h2.message.DbException.get(DbException.java:212)
	at org.h2.mvstore.db.Store.convertMVStoreException(Store.java:165)
	at org.h2.mvstore.db.Store.<init>(Store.java:142)
	at org.h2.engine.Database.<init>(Database.java:326)
	at org.h2.engine.Engine.openSession(Engine.java:92)
	at org.h2.engine.Engine.openSession(Engine.java:222)
	at org.h2.engine.Engine.createSession(Engine.java:201)
	at org.h2.engine.SessionRemote.connectEmbeddedOrServer(SessionRemote.java:344)
	at org.h2.jdbc.JdbcConnection.<init>(JdbcConnection.java:124)
	at org.h2.Driver.connect(Driver.java:59)
	at com.zaxxer.hikari.util.DriverDataSource.getConnection(DriverDataSource.java:139)
	at com.zaxxer.hikari.pool.PoolBase.newConnection(PoolBase.java:368)
	at com.zaxxer.hikari.pool.PoolBase.newPoolEntry(PoolBase.java:205)
	at com.zaxxer.hikari.pool.HikariPool.createPoolEntry(HikariPool.java:483)
	at com.zaxxer.hikari.pool.HikariPool.checkFailFast(HikariPool.java:571)
	... 42 more
Caused by: org.h2.mvstore.MVStoreException: The file is locked: C:/Users/cedri/OneDrive/Documents/GitHub/tracksweeper/target/database.mv.db [2.3.232/7]
	at org.h2.mvstore.DataUtils.newMVStoreException(DataUtils.java:996)
	at org.h2.mvstore.SingleFileStore.lockFileChannel(SingleFileStore.java:143)
	at org.h2.mvstore.SingleFileStore.open(SingleFileStore.java:117)
	at org.h2.mvstore.SingleFileStore.open(SingleFileStore.java:81)
	at org.h2.mvstore.MVStore.<init>(MVStore.java:286)
	at org.h2.mvstore.MVStore$Builder.open(MVStore.java:2035)
	at org.h2.mvstore.db.Store.<init>(Store.java:133)
	... 54 more

