2025-08-09 12:39:43  INFO: Operating system name: Windows 11 version: 10.0 architecture: amd64
2025-08-09 12:39:43  INFO: Java runtime name: OpenJDK 64-Bit Server VM vendor: Eclipse Adoptium version: 17.0.16+8
2025-08-09 12:39:43  INFO: Memory limit heap: 3936mb non-heap: 0mb
2025-08-09 12:39:43  INFO: Character encoding: windows-1252
2025-08-09 12:39:43  INFO: Version: 6.8.1
2025-08-09 12:39:43  INFO: Starting server...
2025-08-09 12:39:44  INFO: HikariPool-1 - Starting...
2025-08-09 12:39:44  INFO: HikariPool-1 - Added connection conn0: url=jdbc:h2:./target/database user=SA
2025-08-09 12:39:44  INFO: HikariPool-1 - Start completed.
2025-08-09 12:39:44  INFO: Set default schema name to PUBLIC
2025-08-09 12:39:44  INFO: Clearing database change log checksums
2025-08-09 12:39:44  INFO: Successfully acquired change log lock
2025-08-09 12:39:44  INFO: Successfully released change log lock
2025-08-09 12:39:45  INFO: Reading from PUBLIC.DATABASECHANGELOG
2025-08-09 12:39:46  INFO: Reading from PUBLIC.DATABASECHANGELOG
2025-08-09 12:39:46  INFO: Successfully acquired change log lock
2025-08-09 12:39:46  INFO: Using deploymentId: 4768386142
2025-08-09 12:39:46  INFO: Reading from PUBLIC.DATABASECHANGELOG
2025-08-09 12:39:46  INFO: Columns motionpositionid(INT) added to tc_devices
2025-08-09 12:39:46  INFO: ChangeSet changelog-6.9.0::changelog-6.9.0::author ran successfully in 44ms
2025-08-09 12:39:46  INFO: UPDATE SUMMARY
2025-08-09 12:39:46  INFO: Run:                          1
2025-08-09 12:39:46  INFO: Previously run:              27
2025-08-09 12:39:46  INFO: Filtered out:                 0
2025-08-09 12:39:46  INFO: -------------------------------
2025-08-09 12:39:46  INFO: Total change sets:           28

2025-08-09 12:39:46  INFO: Update summary generated
2025-08-09 12:39:46  INFO: Update command completed successfully.
2025-08-09 12:39:46  INFO: Successfully released change log lock
2025-08-09 12:39:46  INFO: Command execution complete
2025-08-09 12:39:47  WARN: Port disabled due to conflict - 
java.net.BindException: Address already in use: bind
	at java.base/sun.nio.ch.Net.bind0(Native Method)
	at java.base/sun.nio.ch.Net.bind(Net.java:555)
	at java.base/sun.nio.ch.ServerSocketChannelImpl.netBind(ServerSocketChannelImpl.java:337)
	at java.base/sun.nio.ch.ServerSocketChannelImpl.bind(ServerSocketChannelImpl.java:294)
	at io.netty.channel.socket.nio.NioServerSocketChannel.doBind(NioServerSocketChannel.java:148)
	at io.netty.channel.AbstractChannel$AbstractUnsafe.bind(AbstractChannel.java:434)
	at io.netty.channel.DefaultChannelPipeline$HeadContext.bind(DefaultChannelPipeline.java:1353)
	at io.netty.channel.AbstractChannelHandlerContext.invokeBind(AbstractChannelHandlerContext.java:493)
	at io.netty.channel.AbstractChannelHandlerContext.bind(AbstractChannelHandlerContext.java:472)
	at io.netty.channel.DefaultChannelPipeline.bind(DefaultChannelPipeline.java:994)
	at io.netty.channel.Channel.bind(Channel.java:302)
	at io.netty.bootstrap.AbstractBootstrap$2.run(AbstractBootstrap.java:380)
	at io.netty.util.concurrent.AbstractEventExecutor.runTask(AbstractEventExecutor.java:148)
	at io.netty.util.concurrent.AbstractEventExecutor.safeExecute(AbstractEventExecutor.java:141)
	at io.netty.util.concurrent.SingleThreadEventExecutor.runAllTasks(SingleThreadEventExecutor.java:507)
	at io.netty.channel.SingleThreadIoEventLoop.run(SingleThreadIoEventLoop.java:182)
	at io.netty.util.concurrent.SingleThreadEventExecutor$5.run(SingleThreadEventExecutor.java:1073)
	at io.netty.util.internal.ThreadExecutorMap$2.run(ThreadExecutorMap.java:74)
	at io.netty.util.concurrent.FastThreadLocalRunnable.run(FastThreadLocalRunnable.java:30)
	at java.base/java.lang.Thread.run(Thread.java:840)
	Suppressed: java.util.concurrent.CompletionException: Rethrowing promise failure cause
		at io.netty.util.concurrent.DefaultPromise.rethrowIfFailed(DefaultPromise.java:685)
		at io.netty.util.concurrent.DefaultPromise.syncUninterruptibly(DefaultPromise.java:426)
		at io.netty.channel.DefaultChannelPromise.syncUninterruptibly(DefaultChannelPromise.java:125)
		at io.netty.channel.DefaultChannelPromise.syncUninterruptibly(DefaultChannelPromise.java:30)
		at org.traccar.TrackerServer.start(TrackerServer.java:121)
		at org.traccar.ServerManager.start(ServerManager.java:74)
		at org.traccar.Main.run(Main.java:127)
		at org.traccar.Main.main(Main.java:111)

2025-08-09 12:39:47  WARN: Port disabled due to conflict - 
java.net.BindException: Address already in use: bind
	at java.base/sun.nio.ch.Net.bind0(Native Method)
	at java.base/sun.nio.ch.Net.bind(Net.java:555)
	at java.base/sun.nio.ch.ServerSocketChannelImpl.netBind(ServerSocketChannelImpl.java:337)
	at java.base/sun.nio.ch.ServerSocketChannelImpl.bind(ServerSocketChannelImpl.java:294)
	at io.netty.channel.socket.nio.NioServerSocketChannel.doBind(NioServerSocketChannel.java:148)
	at io.netty.channel.AbstractChannel$AbstractUnsafe.bind(AbstractChannel.java:434)
	at io.netty.channel.DefaultChannelPipeline$HeadContext.bind(DefaultChannelPipeline.java:1353)
	at io.netty.channel.AbstractChannelHandlerContext.invokeBind(AbstractChannelHandlerContext.java:493)
	at io.netty.channel.AbstractChannelHandlerContext.bind(AbstractChannelHandlerContext.java:472)
	at io.netty.channel.DefaultChannelPipeline.bind(DefaultChannelPipeline.java:994)
	at io.netty.channel.Channel.bind(Channel.java:302)
	at io.netty.bootstrap.AbstractBootstrap$2.run(AbstractBootstrap.java:380)
	at io.netty.util.concurrent.AbstractEventExecutor.runTask(AbstractEventExecutor.java:148)
	at io.netty.util.concurrent.AbstractEventExecutor.safeExecute(AbstractEventExecutor.java:141)
	at io.netty.util.concurrent.SingleThreadEventExecutor.runAllTasks(SingleThreadEventExecutor.java:507)
	at io.netty.channel.SingleThreadIoEventLoop.run(SingleThreadIoEventLoop.java:182)
	at io.netty.util.concurrent.SingleThreadEventExecutor$5.run(SingleThreadEventExecutor.java:1073)
	at io.netty.util.internal.ThreadExecutorMap$2.run(ThreadExecutorMap.java:74)
	at io.netty.util.concurrent.FastThreadLocalRunnable.run(FastThreadLocalRunnable.java:30)
	at java.base/java.lang.Thread.run(Thread.java:840)
	Suppressed: java.util.concurrent.CompletionException: Rethrowing promise failure cause
		at io.netty.util.concurrent.DefaultPromise.rethrowIfFailed(DefaultPromise.java:685)
		at io.netty.util.concurrent.DefaultPromise.syncUninterruptibly(DefaultPromise.java:426)
		at io.netty.channel.DefaultChannelPromise.syncUninterruptibly(DefaultChannelPromise.java:125)
		at io.netty.channel.DefaultChannelPromise.syncUninterruptibly(DefaultChannelPromise.java:30)
		at org.traccar.TrackerServer.start(TrackerServer.java:121)
		at org.traccar.ServerManager.start(ServerManager.java:74)
		at org.traccar.Main.run(Main.java:127)
		at org.traccar.Main.main(Main.java:111)

2025-08-09 12:39:47  INFO: jetty-11.0.25; built: 2025-03-13T00:15:57.301Z; git: a2e9fae3ad8320f2a713d4fa29bba356a99d1295; jvm 17.0.16+8
2025-08-09 12:39:47  INFO: Started o.t.w.@288c3adc{/,null,AVAILABLE}
2025-08-09 12:39:47  INFO: Session workerName=node0
2025-08-09 12:39:48  INFO: Started o.e.j.s.ServletContextHandler@3b127290{/,null,AVAILABLE}
2025-08-09 12:39:48  INFO: Started ServerConnector@4b515a01{HTTP/1.1, (http/1.1)}{0.0.0.0:8082}
2025-08-09 12:39:48  INFO: Started Server@7d996aea{STARTING}[11.0.25,sto=0] @5060ms
