2025-08-07 10:17:52  INFO: Operating system name: Windows 11 version: 10.0 architecture: amd64
2025-08-07 10:17:52  INFO: Java runtime name: OpenJDK 64-Bit Server VM vendor: Eclipse Adoptium version: 17.0.16+8
2025-08-07 10:17:52  INFO: Memory limit heap: 3936mb non-heap: 0mb
2025-08-07 10:17:52  INFO: Character encoding: windows-1252
2025-08-07 10:17:52  INFO: Version: 6.8.1
2025-08-07 10:17:52  INFO: Starting server...
2025-08-07 10:17:52  INFO: HikariPool-1 - Starting...
2025-08-07 10:17:53  INFO: HikariPool-1 - Added connection conn0: url=jdbc:h2:./target/database user=SA
2025-08-07 10:17:53  INFO: HikariPool-1 - Start completed.
2025-08-07 10:17:53  INFO: Set default schema name to PUBLIC
2025-08-07 10:17:53  INFO: Clearing database change log checksums
2025-08-07 10:17:53  INFO: Successfully acquired change log lock
2025-08-07 10:17:53  INFO: Creating database history table with name: PUBLIC.DATABASECHANGELOG
2025-08-07 10:17:53  INFO: Successfully released change log lock
2025-08-07 10:17:54  INFO: Reading from PUBLIC.DATABASECHANGELOG
2025-08-07 10:17:54  INFO: Successfully acquired change log lock
2025-08-07 10:17:54  INFO: Using deploymentId: 4587074933
2025-08-07 10:17:54  INFO: Reading from PUBLIC.DATABASECHANGELOG
2025-08-07 10:17:55  INFO: Table tc_attributes created
2025-08-07 10:17:55  INFO: Table tc_calendars created
2025-08-07 10:17:55  INFO: Table tc_commands created
2025-08-07 10:17:55  INFO: Table tc_device_attribute created
2025-08-07 10:17:55  INFO: Table tc_device_command created
2025-08-07 10:17:55  INFO: Table tc_device_driver created
2025-08-07 10:17:55  INFO: Table tc_device_geofence created
2025-08-07 10:17:55  INFO: Table tc_device_maintenance created
2025-08-07 10:17:55  INFO: Table tc_device_notification created
2025-08-07 10:17:55  INFO: Table tc_devices created
2025-08-07 10:17:55  INFO: Table tc_drivers created
2025-08-07 10:17:55  INFO: Table tc_events created
2025-08-07 10:17:55  INFO: Table tc_geofences created
2025-08-07 10:17:55  INFO: Table tc_group_attribute created
2025-08-07 10:17:55  INFO: Table tc_group_command created
2025-08-07 10:17:55  INFO: Table tc_group_driver created
2025-08-07 10:17:55  INFO: Table tc_group_geofence created
2025-08-07 10:17:55  INFO: Table tc_group_maintenance created
2025-08-07 10:17:55  INFO: Table tc_group_notification created
2025-08-07 10:17:55  INFO: Table tc_groups created
2025-08-07 10:17:55  INFO: Table tc_maintenances created
2025-08-07 10:17:55  INFO: Table tc_notifications created
2025-08-07 10:17:55  INFO: Table tc_positions created
2025-08-07 10:17:55  INFO: Table tc_servers created
2025-08-07 10:17:55  INFO: Table tc_statistics created
2025-08-07 10:17:55  INFO: Table tc_user_attribute created
2025-08-07 10:17:55  INFO: Table tc_user_calendar created
2025-08-07 10:17:55  INFO: Table tc_user_command created
2025-08-07 10:17:55  INFO: Table tc_user_device created
2025-08-07 10:17:55  INFO: Table tc_user_driver created
2025-08-07 10:17:55  INFO: Table tc_user_geofence created
2025-08-07 10:17:55  INFO: Table tc_user_group created
2025-08-07 10:17:55  INFO: Table tc_user_maintenance created
2025-08-07 10:17:55  INFO: Table tc_user_notification created
2025-08-07 10:17:55  INFO: Table tc_user_user created
2025-08-07 10:17:55  INFO: Table tc_users created
2025-08-07 10:17:55  INFO: Foreign key constraint added to tc_device_command (commandid)
2025-08-07 10:17:55  INFO: Foreign key constraint added to tc_device_command (deviceid)
2025-08-07 10:17:55  INFO: Foreign key constraint added to tc_device_driver (deviceid)
2025-08-07 10:17:55  INFO: Foreign key constraint added to tc_device_driver (driverid)
2025-08-07 10:17:55  INFO: Foreign key constraint added to tc_device_geofence (deviceid)
2025-08-07 10:17:55  INFO: Foreign key constraint added to tc_device_geofence (geofenceid)
2025-08-07 10:17:55  INFO: Foreign key constraint added to tc_device_maintenance (deviceid)
2025-08-07 10:17:55  INFO: Foreign key constraint added to tc_device_maintenance (maintenanceid)
2025-08-07 10:17:55  INFO: Foreign key constraint added to tc_device_notification (deviceid)
2025-08-07 10:17:55  INFO: Foreign key constraint added to tc_device_notification (notificationid)
2025-08-07 10:17:55  INFO: Foreign key constraint added to tc_devices (groupid)
2025-08-07 10:17:55  INFO: Foreign key constraint added to tc_events (deviceid)
2025-08-07 10:17:55  INFO: Foreign key constraint added to tc_geofences (calendarid)
2025-08-07 10:17:55  INFO: Foreign key constraint added to tc_group_attribute (attributeid)
2025-08-07 10:17:55  INFO: Foreign key constraint added to tc_group_attribute (groupid)
2025-08-07 10:17:55  INFO: Foreign key constraint added to tc_group_command (commandid)
2025-08-07 10:17:55  INFO: Foreign key constraint added to tc_group_command (groupid)
2025-08-07 10:17:55  INFO: Foreign key constraint added to tc_group_driver (driverid)
2025-08-07 10:17:55  INFO: Foreign key constraint added to tc_group_driver (groupid)
2025-08-07 10:17:55  INFO: Foreign key constraint added to tc_group_geofence (geofenceid)
2025-08-07 10:17:55  INFO: Foreign key constraint added to tc_group_geofence (groupid)
2025-08-07 10:17:55  INFO: Foreign key constraint added to tc_group_maintenance (groupid)
2025-08-07 10:17:55  INFO: Foreign key constraint added to tc_group_maintenance (maintenanceid)
2025-08-07 10:17:55  INFO: Foreign key constraint added to tc_group_notification (groupid)
2025-08-07 10:17:55  INFO: Foreign key constraint added to tc_group_notification (notificationid)
2025-08-07 10:17:55  INFO: Foreign key constraint added to tc_notifications (calendarid)
2025-08-07 10:17:55  INFO: Foreign key constraint added to tc_positions (deviceid)
2025-08-07 10:17:55  INFO: Foreign key constraint added to tc_user_attribute (attributeid)
2025-08-07 10:17:55  INFO: Foreign key constraint added to tc_user_attribute (userid)
2025-08-07 10:17:55  INFO: Foreign key constraint added to tc_user_calendar (calendarid)
2025-08-07 10:17:55  INFO: Foreign key constraint added to tc_user_calendar (userid)
2025-08-07 10:17:55  INFO: Foreign key constraint added to tc_user_command (commandid)
2025-08-07 10:17:55  INFO: Foreign key constraint added to tc_user_command (userid)
2025-08-07 10:17:55  INFO: Foreign key constraint added to tc_device_attribute (attributeid)
2025-08-07 10:17:55  INFO: Foreign key constraint added to tc_device_attribute (deviceid)
2025-08-07 10:17:55  INFO: Foreign key constraint added to tc_user_device (deviceid)
2025-08-07 10:17:55  INFO: Foreign key constraint added to tc_user_device (userid)
2025-08-07 10:17:55  INFO: Foreign key constraint added to tc_user_driver (driverid)
2025-08-07 10:17:55  INFO: Foreign key constraint added to tc_user_driver (userid)
2025-08-07 10:17:55  INFO: Foreign key constraint added to tc_user_geofence (geofenceid)
2025-08-07 10:17:55  INFO: Foreign key constraint added to tc_user_geofence (userid)
2025-08-07 10:17:55  INFO: Foreign key constraint added to tc_user_group (groupid)
2025-08-07 10:17:55  INFO: Foreign key constraint added to tc_user_group (userid)
2025-08-07 10:17:55  INFO: Foreign key constraint added to tc_user_maintenance (maintenanceid)
2025-08-07 10:17:55  INFO: Foreign key constraint added to tc_user_maintenance (userid)
2025-08-07 10:17:55  INFO: Foreign key constraint added to tc_user_notification (notificationid)
2025-08-07 10:17:55  INFO: Foreign key constraint added to tc_user_notification (userid)
2025-08-07 10:17:55  INFO: Foreign key constraint added to tc_user_user (userid)
2025-08-07 10:17:55  INFO: New row inserted into tc_servers
2025-08-07 10:17:55  INFO: ChangeSet changelog-4.0-clean::changelog-4.0-clean::author ran successfully in 193ms
2025-08-07 10:17:55  INFO: Foreign key constraint added to tc_groups (groupid)
2025-08-07 10:17:55  INFO: Foreign key constraint added to tc_user_user (manageduserid)
2025-08-07 10:17:55  INFO: ChangeSet changelog-4.0-clean::changelog-4.0-clean-common::author ran successfully in 4ms
2025-08-07 10:17:55  INFO: Marking ChangeSet: "changelog-4.1::changelog-4.1-mssql::author" as ran despite precondition failure due to onFail='MARK_RAN': 
          schema/changelog-master.xml : DBMS Precondition failed: expected mssql, got h2

2025-08-07 10:17:55  INFO: Index user_device_user_id created
2025-08-07 10:17:55  INFO: Index position_deviceid_fixtime created
2025-08-07 10:17:55  INFO: ChangeSet changelog-4.7::changelog-4.7::author ran successfully in 40ms
2025-08-07 10:17:55  INFO: Index event_deviceid_servertime created
2025-08-07 10:17:55  INFO: ChangeSet changelog-4.9::changelog-4.9::author ran successfully in 1ms
2025-08-07 10:17:55  INFO: Columns protocols(VARCHAR(4096)) added to tc_statistics
2025-08-07 10:17:55  INFO: ChangeSet changelog-4.10::changelog-4.10::author ran successfully in 17ms
2025-08-07 10:17:55  INFO: Columns announcement(VARCHAR(4000)) added to tc_servers
2025-08-07 10:17:55  INFO: ChangeSet changelog-4.11::changelog-4.11::author ran successfully in 3ms
2025-08-07 10:17:55  INFO: Column tc_events.servertime renamed to eventtime
2025-08-07 10:17:55  INFO: ChangeSet changelog-4.13::changelog-4.13::author ran successfully in 2ms
2025-08-07 10:17:55  INFO: Table tc_orders created
2025-08-07 10:17:55  INFO: Table tc_user_order created
2025-08-07 10:17:55  INFO: Foreign key constraint added to tc_user_order (userid)
2025-08-07 10:17:55  INFO: Foreign key constraint added to tc_user_order (orderid)
2025-08-07 10:17:55  INFO: Table tc_group_order created
2025-08-07 10:17:55  INFO: Foreign key constraint added to tc_group_order (groupid)
2025-08-07 10:17:55  INFO: Foreign key constraint added to tc_group_order (orderid)
2025-08-07 10:17:55  INFO: Table tc_device_order created
2025-08-07 10:17:55  INFO: Foreign key constraint added to tc_device_order (deviceid)
2025-08-07 10:17:55  INFO: Foreign key constraint added to tc_device_order (orderid)
2025-08-07 10:17:55  INFO: ChangeSet changelog-4.15::changelog-4.15::author ran successfully in 15ms
2025-08-07 10:17:55  INFO: Columns disablereports(BOOLEAN) added to tc_servers
2025-08-07 10:17:55  INFO: Columns disablereports(BOOLEAN) added to tc_users
2025-08-07 10:17:55  INFO: Column tc_orders.toAddress renamed to toaddresstmp
2025-08-07 10:17:55  INFO: Column tc_orders.fromAddress renamed to fromaddresstmp
2025-08-07 10:17:55  INFO: Column tc_orders.toaddresstmp renamed to toaddress
2025-08-07 10:17:55  INFO: Column tc_orders.fromaddresstmp renamed to fromaddress
2025-08-07 10:17:55  INFO: ChangeSet changelog-5.0::changelog-5.0::author ran successfully in 22ms
2025-08-07 10:17:55  INFO: Index idx_drivers_uniqueid created
2025-08-07 10:17:55  INFO: Index idx_devices_uniqueid created
2025-08-07 10:17:55  INFO: Index idx_users_email created
2025-08-07 10:17:55  INFO: Index idx_users_login created
2025-08-07 10:17:55  INFO: Index idx_users_token created
2025-08-07 10:17:55  INFO: Columns overlayurl(VARCHAR(512)) added to tc_servers
2025-08-07 10:17:55  INFO: ChangeSet changelog-5.1::changelog-5.1::author ran successfully in 9ms
2025-08-07 10:17:55  INFO: Columns status(CHAR(8)) added to tc_devices
2025-08-07 10:17:55  INFO: Columns geofenceids(VARCHAR(128)) added to tc_devices
2025-08-07 10:17:55  INFO: ChangeSet changelog-5.2::changelog-5.2::author ran successfully in 14ms
2025-08-07 10:17:55  INFO: Columns fixedemail(BOOLEAN) added to tc_servers
2025-08-07 10:17:55  INFO: Columns fixedemail(BOOLEAN) added to tc_users
2025-08-07 10:17:55  INFO: Columns expirationtime(TIMESTAMP) added to tc_devices
2025-08-07 10:17:55  INFO: Table tc_keystore created
2025-08-07 10:17:55  INFO: Index idx_users_token dropped from table tc_users
2025-08-07 10:17:55  INFO: Column tc_users.token dropped
2025-08-07 10:17:55  INFO: ChangeSet changelog-5.3::changelog-5.3::author ran successfully in 31ms
2025-08-07 10:17:55  INFO: Columns motionstate(BOOLEAN),motiontime(TIMESTAMP),motiondistance(DOUBLE),overspeedstate(BOOLEAN),overspeedtime(TIMESTAMP),overspeedgeofenceid(INT) added to tc_devices
2025-08-07 10:17:55  INFO: Table tc_commands_queue created
2025-08-07 10:17:55  INFO: Foreign key constraint added to tc_commands_queue (deviceid)
2025-08-07 10:17:55  INFO: Index idx_commands_queue_deviceid created
2025-08-07 10:17:55  INFO: ChangeSet changelog-5.4::changelog-5.4::author ran successfully in 33ms
2025-08-07 10:17:55  INFO: Column tc_commands_queue.description dropped
2025-08-07 10:17:55  INFO: ChangeSet changelog-5.5::changelog-5.5::author ran successfully in 4ms
2025-08-07 10:17:55  INFO: Columns motionstreak(BOOLEAN) added to tc_devices
2025-08-07 10:17:55  INFO: Table tc_reports created
2025-08-07 10:17:55  INFO: Foreign key constraint added to tc_reports (calendarid)
2025-08-07 10:17:55  INFO: Table tc_user_report created
2025-08-07 10:17:55  INFO: Foreign key constraint added to tc_user_report (userid)
2025-08-07 10:17:55  INFO: Foreign key constraint added to tc_user_report (reportid)
2025-08-07 10:17:55  INFO: Table tc_group_report created
2025-08-07 10:17:55  INFO: Foreign key constraint added to tc_group_report (groupid)
2025-08-07 10:17:55  INFO: Foreign key constraint added to tc_group_report (reportid)
2025-08-07 10:17:55  INFO: Table tc_device_report created
2025-08-07 10:17:55  INFO: Foreign key constraint added to tc_device_report (deviceid)
2025-08-07 10:17:55  INFO: Foreign key constraint added to tc_device_report (reportid)
2025-08-07 10:17:55  INFO: ChangeSet changelog-5.6::changelog-5.6::author ran successfully in 23ms
2025-08-07 10:17:55  INFO: Columns commandid(INT) added to tc_notifications
2025-08-07 10:17:55  INFO: Foreign key constraint added to tc_notifications (commandid)
2025-08-07 10:17:55  INFO: ChangeSet changelog-5.7::changelog-5.7::author ran successfully in 4ms
2025-08-07 10:17:55  INFO: Column tc_devices.geofenceids dropped
2025-08-07 10:17:55  INFO: Columns geofenceids(VARCHAR(128)) added to tc_positions
2025-08-07 10:17:55  INFO: ChangeSet changelog-5.8::changelog-5.8::author ran successfully in 10ms
2025-08-07 10:17:55  INFO: Columns calendarid(INT) added to tc_devices
2025-08-07 10:17:55  INFO: Foreign key constraint added to tc_devices (calendarid)
2025-08-07 10:17:55  INFO: ChangeSet changelog-5.9::changelog-5.9::author ran successfully in 6ms
2025-08-07 10:17:55  INFO: Columns totpkey(VARCHAR(64)) added to tc_users
2025-08-07 10:17:55  INFO: ChangeSet changelog-5.10::changelog-5.10::author ran successfully in 5ms
2025-08-07 10:17:55  INFO: Columns temporary(BOOLEAN) added to tc_users
2025-08-07 10:17:55  INFO: ChangeSet changelog-5.11::changelog-5.11::author ran successfully in 5ms
2025-08-07 10:17:55  INFO: Column tc_servers.twelvehourformat dropped
2025-08-07 10:17:55  INFO: Column tc_users.twelvehourformat dropped
2025-08-07 10:17:55  INFO: Columns priority(INT) added to tc_attributes
2025-08-07 10:17:55  INFO: ChangeSet changelog-6.2::changelog-6.2::author ran successfully in 18ms
2025-08-07 10:17:55  INFO: Marking ChangeSet: "changelog-6.3::changelog-6.3-old::author" as ran despite precondition failure due to onFail='MARK_RAN': 
          schema/changelog-master.xml : Foreign Key PUBLIC.fk_event_deviceid does not exist

2025-08-07 10:17:55  INFO: Foreign key fk_events_deviceid dropped
2025-08-07 10:17:55  INFO: Foreign key fk_positions_deviceid dropped
2025-08-07 10:17:55  INFO: ChangeSet changelog-6.3::changelog-6.3-new::author ran successfully in 63ms
2025-08-07 10:17:55  INFO: Columns description(VARCHAR(4000)) added to tc_notifications
2025-08-07 10:17:55  INFO: ChangeSet changelog-6.6::changelog-6.6::author ran successfully in 4ms
2025-08-07 10:17:55  INFO: Table tc_actions created
2025-08-07 10:17:55  INFO: ChangeSet changelog-6.7.0::changelog-6.7.0::author ran successfully in 8ms
2025-08-07 10:17:55  INFO: Marking ChangeSet: "changelog-6.8.0::changelog-6.8.0-timescale::author" as ran despite precondition failure due to onFail='MARK_RAN': 
          schema/changelog-master.xml : DBMS Precondition failed: expected postgresql, got h2

2025-08-07 10:17:55  INFO: Columns motionpositionid(INT) added to tc_devices
2025-08-07 10:17:55  INFO: ChangeSet changelog-6.9.0::changelog-6.9.0::author ran successfully in 5ms
2025-08-07 10:17:55  INFO: UPDATE SUMMARY
2025-08-07 10:17:55  INFO: Run:                         28
2025-08-07 10:17:55  INFO: Previously run:               0
2025-08-07 10:17:55  INFO: Filtered out:                 0
2025-08-07 10:17:55  INFO: -------------------------------
2025-08-07 10:17:55  INFO: Total change sets:           28

2025-08-07 10:17:55  INFO: Update summary generated
2025-08-07 10:17:55  INFO: Update command completed successfully.
2025-08-07 10:17:55  INFO: Successfully released change log lock
2025-08-07 10:17:55  INFO: Command execution complete
2025-08-07 10:17:56  WARN: Port disabled due to conflict - 
java.net.BindException: Address already in use: bind
	at java.base/sun.nio.ch.Net.bind0(Native Method)
	at java.base/sun.nio.ch.Net.bind(Net.java:555)
	at java.base/sun.nio.ch.ServerSocketChannelImpl.netBind(ServerSocketChannelImpl.java:337)
	at java.base/sun.nio.ch.ServerSocketChannelImpl.bind(ServerSocketChannelImpl.java:294)
	at io.netty.channel.socket.nio.NioServerSocketChannel.doBind(NioServerSocketChannel.java:148)
	at io.netty.channel.AbstractChannel$AbstractUnsafe.bind(AbstractChannel.java:434)
	at io.netty.channel.DefaultChannelPipeline$HeadContext.bind(DefaultChannelPipeline.java:1353)
	at io.netty.channel.AbstractChannelHandlerContext.invokeBind(AbstractChannelHandlerContext.java:493)
	at io.netty.channel.AbstractChannelHandlerContext.bind(AbstractChannelHandlerContext.java:472)
	at io.netty.channel.DefaultChannelPipeline.bind(DefaultChannelPipeline.java:994)
	at io.netty.channel.Channel.bind(Channel.java:302)
	at io.netty.bootstrap.AbstractBootstrap$2.run(AbstractBootstrap.java:380)
	at io.netty.util.concurrent.AbstractEventExecutor.runTask(AbstractEventExecutor.java:148)
	at io.netty.util.concurrent.AbstractEventExecutor.safeExecute(AbstractEventExecutor.java:141)
	at io.netty.util.concurrent.SingleThreadEventExecutor.runAllTasks(SingleThreadEventExecutor.java:507)
	at io.netty.channel.SingleThreadIoEventLoop.run(SingleThreadIoEventLoop.java:182)
	at io.netty.util.concurrent.SingleThreadEventExecutor$5.run(SingleThreadEventExecutor.java:1073)
	at io.netty.util.internal.ThreadExecutorMap$2.run(ThreadExecutorMap.java:74)
	at io.netty.util.concurrent.FastThreadLocalRunnable.run(FastThreadLocalRunnable.java:30)
	at java.base/java.lang.Thread.run(Thread.java:840)
	Suppressed: java.util.concurrent.CompletionException: Rethrowing promise failure cause
		at io.netty.util.concurrent.DefaultPromise.rethrowIfFailed(DefaultPromise.java:685)
		at io.netty.util.concurrent.DefaultPromise.syncUninterruptibly(DefaultPromise.java:426)
		at io.netty.channel.DefaultChannelPromise.syncUninterruptibly(DefaultChannelPromise.java:125)
		at io.netty.channel.DefaultChannelPromise.syncUninterruptibly(DefaultChannelPromise.java:30)
		at org.traccar.TrackerServer.start(TrackerServer.java:121)
		at org.traccar.ServerManager.start(ServerManager.java:74)
		at org.traccar.Main.run(Main.java:127)
		at org.traccar.Main.main(Main.java:111)

2025-08-07 10:17:57  WARN: Port disabled due to conflict - 
java.net.BindException: Address already in use: bind
	at java.base/sun.nio.ch.Net.bind0(Native Method)
	at java.base/sun.nio.ch.Net.bind(Net.java:555)
	at java.base/sun.nio.ch.ServerSocketChannelImpl.netBind(ServerSocketChannelImpl.java:337)
	at java.base/sun.nio.ch.ServerSocketChannelImpl.bind(ServerSocketChannelImpl.java:294)
	at io.netty.channel.socket.nio.NioServerSocketChannel.doBind(NioServerSocketChannel.java:148)
	at io.netty.channel.AbstractChannel$AbstractUnsafe.bind(AbstractChannel.java:434)
	at io.netty.channel.DefaultChannelPipeline$HeadContext.bind(DefaultChannelPipeline.java:1353)
	at io.netty.channel.AbstractChannelHandlerContext.invokeBind(AbstractChannelHandlerContext.java:493)
	at io.netty.channel.AbstractChannelHandlerContext.bind(AbstractChannelHandlerContext.java:472)
	at io.netty.channel.DefaultChannelPipeline.bind(DefaultChannelPipeline.java:994)
	at io.netty.channel.Channel.bind(Channel.java:302)
	at io.netty.bootstrap.AbstractBootstrap$2.run(AbstractBootstrap.java:380)
	at io.netty.util.concurrent.AbstractEventExecutor.runTask(AbstractEventExecutor.java:148)
	at io.netty.util.concurrent.AbstractEventExecutor.safeExecute(AbstractEventExecutor.java:141)
	at io.netty.util.concurrent.SingleThreadEventExecutor.runAllTasks(SingleThreadEventExecutor.java:507)
	at io.netty.channel.SingleThreadIoEventLoop.run(SingleThreadIoEventLoop.java:182)
	at io.netty.util.concurrent.SingleThreadEventExecutor$5.run(SingleThreadEventExecutor.java:1073)
	at io.netty.util.internal.ThreadExecutorMap$2.run(ThreadExecutorMap.java:74)
	at io.netty.util.concurrent.FastThreadLocalRunnable.run(FastThreadLocalRunnable.java:30)
	at java.base/java.lang.Thread.run(Thread.java:840)
	Suppressed: java.util.concurrent.CompletionException: Rethrowing promise failure cause
		at io.netty.util.concurrent.DefaultPromise.rethrowIfFailed(DefaultPromise.java:685)
		at io.netty.util.concurrent.DefaultPromise.syncUninterruptibly(DefaultPromise.java:426)
		at io.netty.channel.DefaultChannelPromise.syncUninterruptibly(DefaultChannelPromise.java:125)
		at io.netty.channel.DefaultChannelPromise.syncUninterruptibly(DefaultChannelPromise.java:30)
		at org.traccar.TrackerServer.start(TrackerServer.java:121)
		at org.traccar.ServerManager.start(ServerManager.java:74)
		at org.traccar.Main.run(Main.java:127)
		at org.traccar.Main.main(Main.java:111)

2025-08-07 10:17:57  INFO: jetty-11.0.25; built: 2025-03-13T00:15:57.301Z; git: a2e9fae3ad8320f2a713d4fa29bba356a99d1295; jvm 17.0.16+8
2025-08-07 10:17:57  INFO: Started o.t.w.@64bd8726{/,null,AVAILABLE}
2025-08-07 10:17:57  INFO: Session workerName=node0
2025-08-07 10:17:58  INFO: Started o.e.j.s.ServletContextHandler@df77596{/,null,AVAILABLE}
2025-08-07 10:17:58  INFO: Started ServerConnector@56392bb2{HTTP/1.1, (http/1.1)}{0.0.0.0:8082}
2025-08-07 10:17:58  INFO: Started Server@4bf5697{STARTING}[11.0.25,sto=0] @6396ms
2025-08-07 10:18:22  INFO: [Tb00d768c] connected
2025-08-07 10:18:22  INFO: [Tb00d768c: osmand < 0:0:0:0:0:0:0:1] GET /?id=&lat=&lon=&timestamp= HTTP/1.1\r\nUser-Agent: Mozilla/5.0 (Windows NT; Windows NT 10.0; en-US) WindowsPowerShell/5.1.26100.4652\r\nHost: localhost:5155\r\n\r\n
2025-08-07 10:18:22  WARN: Unknown device -  (0:0:0:0:0:0:0:1)
2025-08-07 10:18:22  INFO: [Tb00d768c: osmand > 0:0:0:0:0:0:0:1] HTTP/1.1 400 Bad Request\r\ncontent-length: 0\r\n\r\n
2025-08-07 10:23:02  INFO: login failed from: [0:0:0:0:0:0:0:1]
2025-08-07 10:23:09  INFO: login failed from: [0:0:0:0:0:0:0:1]
2025-08-07 10:23:12  INFO: login failed from: [0:0:0:0:0:0:0:1]
2025-08-07 10:23:19  INFO: login failed from: [0:0:0:0:0:0:0:1]
